2407.5
0 14 1 12 2 3 6 11 13 10 15 8 16 17 18 4 9 5 7 19 0