19.2
0 7 4 14 1 20 13 6 3 22 15 8 24 2 9 10 19 12 5 21 16 23 18 25 17 11 0
