21925.6
0 11 22 4 5 10 15 7 23 9 2 13 18 6 14 20 17 12 16 1 8 3 21 19 0
