23164.7
0 6 19 15 20 14 3 18 1 10 4 8 16 12 9 7 13 2 17 21 5 11 0
