20.4
0 19 8 18 5 12 27 26 4 25 17 9 10 1 24 7 14 21 28 23 3 16 2 20 13 6 29 22 15 11 0
